14:06:04 INFO    [-] numexpr.utils: NumExpr defaulting to 11 threads.
INFO:     Started server process [17568]
INFO:     Waiting for application startup.
14:06:05 INFO    [-] mlsuite.api: ML Suite v0.1.0 starting (storage=/Users/praneethmunukutla/Documents/SVM_practical_practice/ml_suite/storage)
INFO:     Application startup complete.
INFO:     Uvicorn running on http://127.0.0.1:8000 (Press CTRL+C to quit)
14:11:19 INFO    [f6e8582d243f] backend.registry.store: Saved dataset ds_aa9ab121ad (700 x 7) from file
14:12:06 INFO    [7591d2a5758b] backend.registry.store: Saved dataset ds_fe57ea7c64 (700 x 7) from file
14:12:52 INFO    [a1354fbc633b] backend.training.jobs: Queued run run_e2a6c05ec3
14:12:52 INFO    [-] backend.preprocessing.builder: Preprocessor: 4 numeric, 2 categorical, 0 high-card, 0 datetime, 0 dropped
14:12:52 INFO    [-] backend.training.trainer: Training 10 candidate(s) for regression on 560 rows
14:12:54 INFO    [-] backend.training.trainer: LinearRegression   r2=0.8878  rmse=43032.3906  mae=26214.7957  explained_variance=0.8893
14:12:55 INFO    [-] backend.training.trainer: Ridge              r2=0.8878  rmse=43031.0925  mae=26214.8290  explained_variance=0.8893
14:12:55 INFO    [-] backend.training.trainer: Lasso              r2=0.8878  rmse=43030.4449  mae=26213.6062  explained_variance=0.8893
14:12:56 INFO    [-] backend.training.trainer: ElasticNet         r2=0.8878  rmse=43028.9859  mae=26214.8752  explained_variance=0.8894
14:12:56 INFO    [-] backend.training.trainer: SVR                r2=0.8873  rmse=43126.8990  mae=26390.0465  explained_variance=0.8877
14:12:56 INFO    [-] backend.training.trainer: DecisionTree       r2=0.7849  rmse=59586.4120  mae=39745.6736  explained_variance=0.7861
14:12:57 INFO    [-] backend.training.trainer: RandomForest       r2=0.8511  rmse=49580.4708  mae=32693.6404  explained_variance=0.8522
14:12:57 INFO    [-] backend.training.trainer: GradientBoosting   r2=0.8523  rmse=49378.4537  mae=31624.6065  explained_variance=0.8536
14:12:57 INFO    [-] backend.training.trainer: KNeighbors         r2=0.8079  rmse=56305.5967  mae=41562.3081  explained_variance=0.8114
14:12:58 INFO    [-] backend.training.trainer: XGBoost            r2=0.8570  rmse=48579.4140  mae=31059.0046  explained_variance=0.8577
14:12:58 INFO    [-] backend.registry.store: Registered model mdl_9eb505cb87 (ElasticNet, regression)
14:12:58 INFO    [-] backend.training.jobs: Run run_e2a6c05ec3 finished: best=ElasticNet score=0.887817
14:14:26 INFO    [d59e11a7d8ef] backend.registry.store: Saved dataset ds_01323a9e5b (205 x 26) from file
14:15:04 INFO    [752d14230f09] backend.training.jobs: Queued run run_e72499316f
14:15:04 INFO    [-] backend.preprocessing.builder: Preprocessor: 14 numeric, 9 categorical, 1 high-card, 0 datetime, 0 dropped
14:15:04 INFO    [-] backend.training.trainer: Training 10 candidate(s) for regression on 164 rows
14:15:04 INFO    [-] backend.training.trainer: LinearRegression   r2=0.8592  rmse=3334.0110  mae=2506.9296  explained_variance=0.8615
14:15:04 INFO    [-] backend.training.trainer: Ridge              r2=0.8543  rmse=3390.9710  mae=2502.9640  explained_variance=0.8563
14:15:04 INFO    [-] backend.training.trainer: Lasso              r2=0.8602  rmse=3322.2339  mae=2415.8938  explained_variance=0.8622
14:15:04 INFO    [-] backend.training.trainer: ElasticNet         r2=0.8635  rmse=3282.0746  mae=2365.1038  explained_variance=0.8664
14:15:04 INFO    [-] backend.training.trainer: SVR                r2=0.9284  rmse=2376.7748  mae=1791.8345  explained_variance=0.9311
14:15:05 INFO    [-] backend.training.trainer: DecisionTree       r2=0.8117  rmse=3855.6615  mae=2852.7609  explained_variance=0.8413
14:15:06 INFO    [-] backend.training.trainer: RandomForest       r2=0.9298  rmse=2354.1835  mae=1541.0571  explained_variance=0.9301
14:15:06 INFO    [-] backend.training.trainer: GradientBoosting   r2=0.9482  rmse=2021.8992  mae=1421.8347  explained_variance=0.9489
14:15:06 INFO    [-] backend.training.trainer: KNeighbors         r2=0.9144  rmse=2599.5593  mae=1686.6393  explained_variance=0.9165
14:15:07 INFO    [-] backend.training.trainer: XGBoost            r2=0.9217  rmse=2486.8246  mae=1790.7722  explained_variance=0.9284
14:15:07 INFO    [-] backend.registry.store: Registered model mdl_ec30c9a025 (GradientBoosting, regression)
14:15:07 INFO    [-] backend.training.jobs: Run run_e72499316f finished: best=GradientBoosting score=0.948216
dError(2, 'No such file or directory')
  warnings.warn(f"resource_tracker: {name}: {e!r}")
/opt/anaconda3/lib/python3.13/site-packages/joblib/externals/loky/backend/resource_tracker.py:375: UserWarning: resource_tracker: /var/folders/nf/vc1ph2vx7md_8598xhb432_m0000gn/T/joblib_memmapping_folder_17438_5bbf69eaca484538b829dd63fa61065e_87d92153d13c4224b7bb073de828f5fc: FileNotFoundError(2, 'No such file or directory')
  warnings.warn(f"resource_tracker: {name}: {e!r}")
/opt/anaconda3/lib/python3.13/site-packages/joblib/externals/loky/backend/resource_tracker.py:375: UserWarning: resource_tracker: /var/folders/nf/vc1ph2vx7md_8598xhb432_m0000gn/T/joblib_memmapping_folder_17438_0efe17958d134ad3b2ee17cd26406322_6fc045da5feb4454b04c2c580d8ce776: FileNotFoundError(2, 'No such file or directory')
  warnings.warn(f"resource_tracker: {name}: {e!r}")
/opt/anaconda3/lib/python3.13/site-packages/joblib/externals/loky/backend/resource_tracker.py:375: UserWarning: resource_tracker: /var/folders/nf/vc1ph2vx7md_8598xhb432_m0000gn/T/joblib_memmapping_folder_17438_5bbf69eaca484538b829dd63fa61065e_8f17d44f25e04e8fa5e532346d54a80b: FileNotFoundError(2, 'No such file or directory')
  warnings.warn(f"resource_tracker: {name}: {e!r}")
/opt/anaconda3/lib/python3.13/site-packages/joblib/externals/loky/backend/resource_tracker.py:375: UserWarning: resource_tracker: /var/folders/nf/vc1ph2vx7md_8598xhb432_m0000gn/T/joblib_memmapping_folder_17438_9bfc2ed30f174e5790a302e0cd8c4f35_dad7fbbe426d40ddb3036c1e508b5109: FileNotFoundError(2, 'No such file or directory')
  warnings.warn(f"resource_tracker: {name}: {e!r}")
/opt/anaconda3/lib/python3.13/site-packages/joblib/externals/loky/backend/resource_tracker.py:375: UserWarning: resource_tracker: /var/folders/nf/vc1ph2vx7md_8598xhb432_m0000gn/T/joblib_memmapping_folder_17438_5bbf69eaca484538b829dd63fa61065e_4ffb166a40cf4b2ab065d45cb0205af5: FileNotFoundError(2, 'No such file or directory')
  warnings.warn(f"resource_tracker: {name}: {e!r}")
/opt/anaconda3/lib/python3.13/site-packages/joblib/externals/loky/backend/resource_tracker.py:375: UserWarning: resource_tracker: /var/folders/nf/vc1ph2vx7md_8598xhb432_m0000gn/T/joblib_memmapping_folder_17438_a4d7c18821764703aa8e087d5e0d6422_fef5fac5590d4be89573209f084b0e28: FileNotFoundError(2, 'No such file or directory')
  warnings.warn(f"resource_tracker: {name}: {e!r}")
/opt/anaconda3/lib/python3.13/site-packages/joblib/externals/loky/backend/resource_tracker.py:375: UserWarning: resource_tracker: /var/folders/nf/vc1ph2vx7md_8598xhb432_m0000gn/T/joblib_memmapping_folder_17438_5bbf69eaca484538b829dd63fa61065e_ecbb581f029641c982ad30cdbe0cf9f4: FileNotFoundError(2, 'No such file or directory')
  warnings.warn(f"resource_tracker: {name}: {e!r}")
/opt/anaconda3/lib/python3.13/site-packages/joblib/externals/loky/backend/resource_tracker.py:375: UserWarning: resource_tracker: /var/folders/nf/vc1ph2vx7md_8598xhb432_m0000gn/T/joblib_memmapping_folder_17438_aabbcfd615214d0190a7d1b09073d8ae_2ae30316d7a149e7951e84d2c6f80675: FileNotFoundError(2, 'No such file or directory')
  warnings.warn(f"resource_tracker: {name}: {e!r}")
/opt/anaconda3/lib/python3.13/site-packages/joblib/externals/loky/backend/resource_tracker.py:375: UserWarning: resource_tracker: /var/folders/nf/vc1ph2vx7md_8598xhb432_m0000gn/T/joblib_memmapping_folder_17438_5bbf69eaca484538b829dd63fa61065e_915b4518b0454862bf3551bbbcc1eb97: FileNotFoundError(2, 'No such file or directory')
  warnings.warn(f"resource_tracker: {name}: {e!r}")
/opt/anaconda3/lib/python3.13/site-packages/joblib/externals/loky/backend/resource_tracker.py:375: UserWarning: resource_tracker: /var/folders/nf/vc1ph2vx7md_8598xhb432_m0000gn/T/joblib_memmapping_folder_17438_9f16ca0a1e8d4da3ba4c8ccca2035380_686f8321135e4b878ca1ce147519e46d: FileNotFoundError(2, 'No such file or directory')
  warnings.warn(f"resource_tracker: {name}: {e!r}")
/opt/anaconda3/lib/python3.13/site-packages/joblib/externals/loky/backend/resource_tracker.py:375: UserWarning: resource_tracker: /var/folders/nf/vc1ph2vx7md_8598xhb432_m0000gn/T/joblib_memmapping_folder_17438_5bbf69eaca484538b829dd63fa61065e_7e05d4fe861049299c9e30a660f4d106: FileNotFoundError(2, 'No such file or directory')
  warnings.warn(f"resource_tracker: {name}: {e!r}")
/opt/anaconda3/lib/python3.13/site-packages/joblib/externals/loky/backend/resource_tracker.py:375: UserWarning: resource_tracker: /var/folders/nf/vc1ph2vx7md_8598xhb432_m0000gn/T/joblib_memmapping_folder_17438_916556a3197944c3bd949354929dd75e_186e17ff622341b4966eecaf03340eaa: FileNotFoundError(2, 'No such file or directory')
  warnings.warn(f"resource_tracker: {name}: {e!r}")
/opt/anaconda3/lib/python3.13/site-packages/joblib/externals/loky/backend/resource_tracker.py:375: UserWarning: resource_tracker: /var/folders/nf/vc1ph2vx7md_8598xhb432_m0000gn/T/joblib_memmapping_folder_17438_5bbf69eaca484538b829dd63fa61065e_dcfdb628f7e14258b9dd34716bbb79c9: FileNotFoundError(2, 'No such file or directory')
  warnings.warn(f"resource_tracker: {name}: {e!r}")
/opt/anaconda3/lib/python3.13/site-packages/joblib/externals/loky/backend/resource_tracker.py:375: UserWarning: resource_tracker: /var/folders/nf/vc1ph2vx7md_8598xhb432_m0000gn/T/joblib_memmapping_folder_17438_d51d7849532c461f8e4458b811be237d_4ff3350419ee4b3cba317fcfe21b1353: FileNotFoundError(2, 'No such file or directory')
  warnings.warn(f"resource_tracker: {name}: {e!r}")
/opt/anaconda3/lib/python3.13/site-packages/joblib/externals/loky/backend/resource_tracker.py:375: UserWarning: resource_tracker: /var/folders/nf/vc1ph2vx7md_8598xhb432_m0000gn/T/joblib_memmapping_folder_17438_5bbf69eaca484538b829dd63fa61065e_f7d3eecf0cb34fc8bb77289fdff83657: FileNotFoundError(2, 'No such file or directory')
  warnings.warn(f"resource_tracker: {name}: {e!r}")
/opt/anaconda3/lib/python3.13/site-packages/joblib/externals/loky/backend/resource_tracker.py:375: UserWarning: resource_tracker: /var/folders/nf/vc1ph2vx7md_8598xhb432_m0000gn/T/joblib_memmapping_folder_17438_5a2b4620189c48b9a7551be20ac528fb_0e9b0781e30c4fa39eb152e1acf96839: FileNotFoundError(2, 'No such file or directory')
  warnings.warn(f"resource_tracker: {name}: {e!r}")
/opt/anaconda3/lib/python3.13/site-packages/joblib/externals/loky/backend/resource_tracker.py:375: UserWarning: resource_tracker: /var/folders/nf/vc1ph2vx7md_8598xhb432_m0000gn/T/joblib_memmapping_folder_17438_5bbf69eaca484538b829dd63fa61065e_474d3ea03c2f42ff8662990283ccbe22: FileNotFoundError(2, 'No such file or directory')
  warnings.warn(f"resource_tracker: {name}: {e!r}")
